sonde-s4mk1 — surveillance (17cc:baff)
Mode brut : blocs hexadecimaux, octets modifies encadres.
Ctrl-C pour arreter.

✅ S4 arme.
   (GET_DEVICE_INFO sans reponse — non bloquant)
   Bouge un controle : seuls les blocs qui changent s'affichent.

[   2.67s] bloc   0 (ref)   00  00  c0  00  00  00  90  00  00  00  00  00  00  00  c0  00 
                     boutons enfonces : [20, 23, 86, 87]
[   2.67s] bloc   1 (ref)   00  01  a9  00  40  ff  fe  ff  00  02  00  03  bc  02  09  1c 
                     jog G=2    jog D=2     encodeurs [0, 4, 0, 15, 15, 15, 14, 15, 15]
[   2.67s] bloc   2 (ref)   00  02  00  00  00  00  00  00  00  00  08  10  00  00  07  f7 
                     o1=0     o2=0     o3=0     o4=0     o5=2064  o6=0     o7=2039 
[   2.67s] bloc   3 (ref)   00  03  00  00  00  00  08  0c  08  0d  00  00  00  00  00  00 
                     o1=0     o2=0     o3=2060  o4=2061  o5=0     o6=0     o7=0    
[   2.67s] bloc   4 (ref)   00  04  0b  df  0c  0d  08  2a  08  2a  08  24  07  fd  08  2b 
                     o1=3039  o2=3085  o3=2090  o4=2090  o5=2084  o6=2045  o7=2091 
[   2.67s] bloc   5 (ref)   00  05  08  0b  08  05  08  35  08  05  08  25  08  52  08  1d 
                     o1=2059  o2=2053  o3=2101  o4=2053  o5=2085  o6=2130  o7=2077 
[   2.67s] bloc   6 (ref)   00  06  08  0a  08  04  08  3c  08  1e  08  1a  08  1f  08  35 
                     o1=2058  o2=2052  o3=2108  o4=2078  o5=2074  o6=2079  o7=2101 
[   2.67s] bloc   7 (ref)   00  07  08  23  07  dc  08  13  08  33  08  14  00  00  00  00 
                     o1=2083  o2=2012  o3=2067  o4=2099  o5=2068  o6=0     o7=0    
[   3.21s] … 8 blocs recus depuis 3 s, aucun changement (total 8)
[   4.21s] bloc   2         00  02  00  00  00  00  00  00  00  00  08  10  00  00  07 [ea]
                     o1=0     o2=0     o3=0     o4=0     o5=2064  o6=0     o7=2026 
[   4.21s] bloc   2         00  02  00  00  00  00  00  00  00  00  08  10  00  00  07 [d9]
                     o1=0     o2=0     o3=0     o4=0     o5=2064  o6=0     o7=2009 
[   4.22s] bloc   2         00  02  00  00  00  00  00  00  00  00  08  10  00  00  07 [cd]
                     o1=0     o2=0     o3=0     o4=0     o5=2064  o6=0     o7=1997 
[   4.22s] bloc   2         00  02  00  00  00  00  00  00  00  00  08  10  00  00  07 [b7]
                     o1=0     o2=0     o3=0     o4=0     o5=2064  o6=0     o7=1975 
[   4.22s] bloc   2         00  02  00  00  00  00  00  00  00  00  08  10  00  00  07 [9d]
                     o1=0     o2=0     o3=0     o4=0     o5=2064  o6=0     o7=1949 
[   4.23s] bloc   2         00  02  00  00  00  00  00  00  00  00  08  10  00  00  07 [91]
                     o1=0     o2=0     o3=0     o4=0     o5=2064  o6=0     o7=1937 
[   4.23s] bloc   2         00  02  00  00  00  00  00  00  00  00  08  10  00  00  07 [82]
                     o1=0     o2=0     o3=0     o4=0     o5=2064  o6=0     o7=1922 
[   4.23s] bloc   2         00  02  00  00  00  00  00  00  00  00  08  10  00  00  07 [76]
                     o1=0     o2=0     o3=0     o4=0     o5=2064  o6=0     o7=1910 
[   4.23s] bloc   2         00  02  00  00  00  00  00  00  00  00  08  10  00  00  07 [66]
                     o1=0     o2=0     o3=0     o4=0     o5=2064  o6=0     o7=1894 
[   4.24s] bloc   2         00  02  00  00  00  00  00  00  00  00  08  10  00  00  07 [57]
                     o1=0     o2=0     o3=0     o4=0     o5=2064  o6=0     o7=1879 
[   4.24s] bloc   2         00  02  00  00  00  00  00  00  00  00  08  10  00  00  07 [4b]
                     o1=0     o2=0     o3=0     o4=0     o5=2064  o6=0     o7=1867 
[   4.24s] bloc   2         00  02  00  00  00  00  00  00  00  00  08  10  00  00  07 [3a]
                     o1=0     o2=0     o3=0     o4=0     o5=2064  o6=0     o7=1850 
[   4.24s] bloc   2         00  02  00  00  00  00  00  00  00  00  08  10  00  00  07 [2e]
                     o1=0     o2=0     o3=0     o4=0     o5=2064  o6=0     o7=1838 
[   4.24s] bloc   2         00  02  00  00  00  00  00  00  00  00  08  10  00  00  07 [1e]
                     o1=0     o2=0     o3=0     o4=0     o5=2064  o6=0     o7=1822 
[   4.25s] bloc   2         00  02  00  00  00  00  00  00  00  00  08  10  00  00  07 [0d]
                     o1=0     o2=0     o3=0     o4=0     o5=2064  o6=0     o7=1805 
[   4.25s] bloc   2         00  02  00  00  00  00  00  00  00  00  08  10  00  00 [06][f9]
                     o1=0     o2=0     o3=0     o4=0     o5=2064  o6=0     o7=1785 
[   4.25s] bloc   2         00  02  00  00  00  00  00  00  00  00  08  10  00  00  06 [e3]
                     o1=0     o2=0     o3=0     o4=0     o5=2064  o6=0     o7=1763 
[   4.25s] bloc   2         00  02  00  00  00  00  00  00  00  00  08  10  00  00  06 [cd]
                     o1=0     o2=0     o3=0     o4=0     o5=2064  o6=0     o7=1741 
[   4.26s] bloc   2         00  02  00  00  00  00  00  00  00  00  08  10  00  00  06 [b5]
                     o1=0     o2=0     o3=0     o4=0     o5=2064  o6=0     o7=1717 
[   4.26s] bloc   2         00  02  00  00  00  00  00  00  00  00  08  10  00  00  06 [9c]
                     o1=0     o2=0     o3=0     o4=0     o5=2064  o6=0     o7=1692 
[   4.26s] bloc   2         00  02  00  00  00  00  00  00  00  00  08  10  00  00  06 [81]
                     o1=0     o2=0     o3=0     o4=0     o5=2064  o6=0     o7=1665 
[   4.26s] bloc   2         00  02  00  00  00  00  00  00  00  00  08  10  00  00  06 [62]
                     o1=0     o2=0     o3=0     o4=0     o5=2064  o6=0     o7=1634 
[   4.26s] bloc   2         00  02  00  00  00  00  00  00  00  00  08  10  00  00  06 [43]
                     o1=0     o2=0     o3=0     o4=0     o5=2064  o6=0     o7=1603 
[   4.27s] bloc   2         00  02  00  00  00  00  00  00  00  00  08  10  00  00  06 [22]
                     o1=0     o2=0     o3=0     o4=0     o5=2064  o6=0     o7=1570 
[   4.27s] bloc   2         00  02  00  00  00  00  00  00  00  00  08  10  00  00 [05][fd]
                     o1=0     o2=0     o3=0     o4=0     o5=2064  o6=0     o7=1533 
[   4.27s] bloc   2         00  02  00  00  00  00  00  00  00  00  08  10  00  00  05 [dd]
                     o1=0     o2=0     o3=0     o4=0     o5=2064  o6=0     o7=1501 
[   4.27s] bloc   2         00  02  00  00  00  00  00  00  00  00  08  10  00  00  05 [b9]
                     o1=0     o2=0     o3=0     o4=0     o5=2064  o6=0     o7=1465 
[   4.27s] bloc   2         00  02  00  00  00  00  00  00  00  00  08  10  00  00  05 [95]
                     o1=0     o2=0     o3=0     o4=0     o5=2064  o6=0     o7=1429 
[   4.28s] bloc   2         00  02  00  00  00  00  00  00  00  00  08  10  00  00  05 [72]
                     o1=0     o2=0     o3=0     o4=0     o5=2064  o6=0     o7=1394 
[   4.28s] bloc   2         00  02  00  00  00  00  00  00  00  00  08  10  00  00  05 [4e]
                     o1=0     o2=0     o3=0     o4=0     o5=2064  o6=0     o7=1358 
[   4.28s] bloc   2         00  02  00  00  00  00  00  00  00  00  08  10  00  00  05 [2c]
                     o1=0     o2=0     o3=0     o4=0     o5=2064  o6=0     o7=1324 
[   4.28s] bloc   2         00  02  00  00  00  00  00  00  00  00  08  10  00  00  05 [0a]
                     o1=0     o2=0     o3=0     o4=0     o5=2064  o6=0     o7=1290 
[   4.29s] bloc   2         00  02  00  00  00  00  00  00  00  00  08  10  00  00 [04][e8]
                     o1=0     o2=0     o3=0     o4=0     o5=2064  o6=0     o7=1256 
[   4.29s] bloc   2         00  02  00  00  00  00  00  00  00  00  08  10  00  00  04 [c5]
                     o1=0     o2=0     o3=0     o4=0     o5=2064  o6=0     o7=1221 
[   4.29s] bloc   2         00  02  00  00  00  00  00  00  00  00  08  10  00  00  04 [a6]
                     o1=0     o2=0     o3=0     o4=0     o5=2064  o6=0     o7=1190 
[   4.29s] bloc   2         00  02  00  00  00  00  00  00  00  00  08  10  00  00  04 [84]
                     o1=0     o2=0     o3=0     o4=0     o5=2064  o6=0     o7=1156 
[   4.29s] bloc   2         00  02  00  00  00  00  00  00  00  00  08  10  00  00  04 [63]
                     o1=0     o2=0     o3=0     o4=0     o5=2064  o6=0     o7=1123 
[   4.30s] bloc   2         00  02  00  00  00  00  00  00  00  00  08  10  00  00  04 [41]
                     o1=0     o2=0     o3=0     o4=0     o5=2064  o6=0     o7=1089 
[   4.30s] bloc   2         00  02  00  00  00  00  00  00  00  00  08  10  00  00  04 [20]
                     o1=0     o2=0     o3=0     o4=0     o5=2064  o6=0     o7=1056 
[   4.30s] bloc   2         00  02  00  00  00  00  00  00  00  00  08  10  00  00  04 [00]
                     o1=0     o2=0     o3=0     o4=0     o5=2064  o6=0     o7=1024 
[   4.30s] bloc   2         00  02  00  00  00  00  00  00  00  00  08  10  00  00 [03][df]
                     o1=0     o2=0     o3=0     o4=0     o5=2064  o6=0     o7=991  
[   4.31s] bloc   2         00  02  00  00  00  00  00  00  00  00  08  10  00  00  03 [bf]
                     o1=0     o2=0     o3=0     o4=0     o5=2064  o6=0     o7=959  
[   4.31s] bloc   2         00  02  00  00  00  00  00  00  00  00  08  10  00  00  03 [a0]
                     o1=0     o2=0     o3=0     o4=0     o5=2064  o6=0     o7=928  
[   4.31s] bloc   2         00  02  00  00  00  00  00  00  00  00  08  10  00  00  03 [81]
                     o1=0     o2=0     o3=0     o4=0     o5=2064  o6=0     o7=897  
[   4.31s] bloc   2         00  02  00  00  00  00  00  00  00  00  08  10  00  00  03 [65]
                     o1=0     o2=0     o3=0     o4=0     o5=2064  o6=0     o7=869  
[   4.31s] bloc   2         00  02  00  00  00  00  00  00  00  00  08  10  00  00  03 [49]
                     o1=0     o2=0     o3=0     o4=0     o5=2064  o6=0     o7=841  
[   4.32s] bloc   2         00  02  00  00  00  00  00  00  00  00  08  10  00  00  03 [2c]
                     o1=0     o2=0     o3=0     o4=0     o5=2064  o6=0     o7=812  
[   4.32s] bloc   2         00  02  00  00  00  00  00  00  00  00  08  10  00  00  03 [15]
                     o1=0     o2=0     o3=0     o4=0     o5=2064  o6=0     o7=789  
[   4.32s] bloc   2         00  02  00  00  00  00  00  00  00  00  08  10  00  00 [02][fa]
                     o1=0     o2=0     o3=0     o4=0     o5=2064  o6=0     o7=762  
[   4.32s] bloc   2         00  02  00  00  00  00  00  00  00  00  08  10  00  00  02 [e1]
                     o1=0     o2=0     o3=0     o4=0     o5=2064  o6=0     o7=737  
[   4.32s] bloc   2         00  02  00  00  00  00  00  00  00  00  08  10  00  00  02 [c9]
                     o1=0     o2=0     o3=0     o4=0     o5=2064  o6=0     o7=713  
[   4.33s] bloc   2         00  02  00  00  00  00  00  00  00  00  08  10  00  00  02 [b1]
                     o1=0     o2=0     o3=0     o4=0     o5=2064  o6=0     o7=689  
[   4.33s] bloc   2         00  02  00  00  00  00  00  00  00  00  08  10  00  00  02 [97]
                     o1=0     o2=0     o3=0     o4=0     o5=2064  o6=0     o7=663  
[   4.33s] bloc   2         00  02  00  00  00  00  00  00  00  00  08  10  00  00  02 [7e]
                     o1=0     o2=0     o3=0     o4=0     o5=2064  o6=0     o7=638  
[   4.33s] bloc   2         00  02  00  00  00  00  00  00  00  00  08  10  00  00  02 [68]
                     o1=0     o2=0     o3=0     o4=0     o5=2064  o6=0     o7=616  
[   4.34s] bloc   2         00  02  00  00  00  00  00  00  00  00  08  10  00  00  02 [4f]
                     o1=0     o2=0     o3=0     o4=0     o5=2064  o6=0     o7=591  
[   4.34s] bloc   2         00  02  00  00  00  00  00  00  00  00  08  10  00  00  02 [38]
                     o1=0     o2=0     o3=0     o4=0     o5=2064  o6=0     o7=568  
[   4.34s] bloc   2         00  02  00  00  00  00  00  00  00  00  08  10  00  00  02 [25]
                     o1=0     o2=0     o3=0     o4=0     o5=2064  o6=0     o7=549  
[   4.34s] bloc   2         00  02  00  00  00  00  00  00  00  00  08  10  00  00  02 [0d]
                     o1=0     o2=0     o3=0     o4=0     o5=2064  o6=0     o7=525  
[   4.34s] bloc   2         00  02  00  00  00  00  00  00  00  00  08  10  00  00 [01][f7]
                     o1=0     o2=0     o3=0     o4=0     o5=2064  o6=0     o7=503  
[   4.35s] bloc   2         00  02  00  00  00  00  00  00  00  00  08  10  00  00  01 [e3]
                     o1=0     o2=0     o3=0     o4=0     o5=2064  o6=0     o7=483  
[   4.35s] bloc   2         00  02  00  00  00  00  00  00  00  00  08  10  00  00  01 [ce]
                     o1=0     o2=0     o3=0     o4=0     o5=2064  o6=0     o7=462  
[   4.35s] bloc   2         00  02  00  00  00  00  00  00  00  00  08  10  00  00  01 [b7]
                     o1=0     o2=0     o3=0     o4=0     o5=2064  o6=0     o7=439  
[   4.35s] bloc   2         00  02  00  00  00  00  00  00  00  00  08  10  00  00  01 [a4]
                     o1=0     o2=0     o3=0     o4=0     o5=2064  o6=0     o7=420  
[   4.36s] bloc   2         00  02  00  00  00  00  00  00  00  00  08  10  00  00  01 [91]
                     o1=0     o2=0     o3=0     o4=0     o5=2064  o6=0     o7=401  
[   4.36s] bloc   2         00  02  00  00  00  00  00  00  00  00  08  10  00  00  01 [7e]
                     o1=0     o2=0     o3=0     o4=0     o5=2064  o6=0     o7=382  
[   4.36s] bloc   2         00  02  00  00  00  00  00  00  00  00  08  10  00  00  01 [6c]
                     o1=0     o2=0     o3=0     o4=0     o5=2064  o6=0     o7=364  
[   4.36s] bloc   2         00  02  00  00  00  00  00  00  00  00  08  10  00  00  01 [5c]
                     o1=0     o2=0     o3=0     o4=0     o5=2064  o6=0     o7=348  
[   4.36s] bloc   2         00  02  00  00  00  00  00  00  00  00  08  10  00  00  01 [4a]
                     o1=0     o2=0     o3=0     o4=0     o5=2064  o6=0     o7=330  
[   4.37s] bloc   2         00  02  00  00  00  00  00  00  00  00  08  10  00  00  01 [39]
                     o1=0     o2=0     o3=0     o4=0     o5=2064  o6=0     o7=313  
[   4.37s] bloc   2         00  02  00  00  00  00  00  00  00  00  08  10  00  00  01 [29]
                     o1=0     o2=0     o3=0     o4=0     o5=2064  o6=0     o7=297  
[   4.37s] bloc   2         00  02  00  00  00  00  00  00  00  00  08  10  00  00  01 [18]
                     o1=0     o2=0     o3=0     o4=0     o5=2064  o6=0     o7=280  
[   4.37s] bloc   2         00  02  00  00  00  00  00  00  00  00  08  10  00  00  01 [08]
                     o1=0     o2=0     o3=0     o4=0     o5=2064  o6=0     o7=264  
[   4.38s] bloc   2         00  02  00  00  00  00  00  00  00  00  08  10  00  00 [00][f5]
                     o1=0     o2=0     o3=0     o4=0     o5=2064  o6=0     o7=245  
[   4.38s] bloc   2         00  02  00  00  00  00  00  00  00  00  08  10  00  00  00 [e8]
                     o1=0     o2=0     o3=0     o4=0     o5=2064  o6=0     o7=232  
[   4.38s] bloc   2         00  02  00  00  00  00  00  00  00  00  08  10  00  00  00 [d7]
                     o1=0     o2=0     o3=0     o4=0     o5=2064  o6=0     o7=215  
[   4.38s] bloc   2         00  02  00  00  00  00  00  00  00  00  08  10  00  00  00 [cb]
                     o1=0     o2=0     o3=0     o4=0     o5=2064  o6=0     o7=203  
[   4.38s] bloc   2         00  02  00  00  00  00  00  00  00  00  08  10  00  00  00 [bc]
                     o1=0     o2=0     o3=0     o4=0     o5=2064  o6=0     o7=188  
[   4.39s] bloc   2         00  02  00  00  00  00  00  00  00  00  08  10  00  00  00 [b0]
                     o1=0     o2=0     o3=0     o4=0     o5=2064  o6=0     o7=176  
[   4.39s] bloc   2         00  02  00  00  00  00  00  00  00  00  08  10  00  00  00 [a1]
                     o1=0     o2=0     o3=0     o4=0     o5=2064  o6=0     o7=161  
[   4.39s] bloc   2         00  02  00  00  00  00  00  00  00  00  08  10  00  00  00 [92]
                     o1=0     o2=0     o3=0     o4=0     o5=2064  o6=0     o7=146  
[   4.39s] bloc   2         00  02  00  00  00  00  00  00  00  00  08  10  00  00  00 [7e]
                     o1=0     o2=0     o3=0     o4=0     o5=2064  o6=0     o7=126  
[   4.40s] bloc   2         00  02  00  00  00  00  00  00  00  00  08  10  00  00  00 [70]
                     o1=0     o2=0     o3=0     o4=0     o5=2064  o6=0     o7=112  
[   4.40s] bloc   2         00  02  00  00  00  00  00  00  00  00  08  10  00  00  00 [60]
                     o1=0     o2=0     o3=0     o4=0     o5=2064  o6=0     o7=96   
[   4.41s] bloc   2         00  02  00  00  00  00  00  00  00  00  08  10  00  00  00 [53]
                     o1=0     o2=0     o3=0     o4=0     o5=2064  o6=0     o7=83   
[   4.41s] bloc   2         00  02  00  00  00  00  00  00  00  00  08  10  00  00  00 [45]
                     o1=0     o2=0     o3=0     o4=0     o5=2064  o6=0     o7=69   
[   4.41s] bloc   2         00  02  00  00  00  00  00  00  00  00  08  10  00  00  00 [35]
                     o1=0     o2=0     o3=0     o4=0     o5=2064  o6=0     o7=53   
[   4.42s] bloc   2         00  02  00  00  00  00  00  00  00  00  08  10  00  00  00 [26]
                     o1=0     o2=0     o3=0     o4=0     o5=2064  o6=0     o7=38   
[   4.42s] bloc   2         00  02  00  00  00  00  00  00  00  00  08  10  00  00  00 [1a]
                     o1=0     o2=0     o3=0     o4=0     o5=2064  o6=0     o7=26   
[   4.42s] bloc   2         00  02  00  00  00  00  00  00  00  00  08  10  00  00  00 [0b]
                     o1=0     o2=0     o3=0     o4=0     o5=2064  o6=0     o7=11   
[   4.70s] bloc   2         00  02  00  00  00  00  00  00  00  00  08  10  00  00  00 [18]
                     o1=0     o2=0     o3=0     o4=0     o5=2064  o6=0     o7=24   
[   4.71s] bloc   2         00  02  00  00  00  00  00  00  00  00  08  10  00  00  00 [28]
                     o1=0     o2=0     o3=0     o4=0     o5=2064  o6=0     o7=40   
[   4.71s] bloc   2         00  02  00  00  00  00  00  00  00  00  08  10  00  00  00 [39]
                     o1=0     o2=0     o3=0     o4=0     o5=2064  o6=0     o7=57   
[   4.72s] bloc   2         00  02  00  00  00  00  00  00  00  00  08  10  00  00  00 [47]
                     o1=0     o2=0     o3=0     o4=0     o5=2064  o6=0     o7=71   
[   4.72s] bloc   2         00  02  00  00  00  00  00  00  00  00  08  10  00  00  00 [56]
                     o1=0     o2=0     o3=0     o4=0     o5=2064  o6=0     o7=86   
[   4.73s] bloc   2         00  02  00  00  00  00  00  00  00  00  08  10  00  00  00 [65]
                     o1=0     o2=0     o3=0     o4=0     o5=2064  o6=0     o7=101  
[   4.73s] bloc   2         00  02  00  00  00  00  00  00  00  00  08  10  00  00  00 [74]
                     o1=0     o2=0     o3=0     o4=0     o5=2064  o6=0     o7=116  
[   4.73s] bloc   2         00  02  00  00  00  00  00  00  00  00  08  10  00  00  00 [82]
                     o1=0     o2=0     o3=0     o4=0     o5=2064  o6=0     o7=130  
[   4.74s] bloc   2         00  02  00  00  00  00  00  00  00  00  08  10  00  00  00 [8f]
                     o1=0     o2=0     o3=0     o4=0     o5=2064  o6=0     o7=143  
[   4.74s] bloc   2         00  02  00  00  00  00  00  00  00  00  08  10  00  00  00 [9e]
                     o1=0     o2=0     o3=0     o4=0     o5=2064  o6=0     o7=158  
[   4.75s] bloc   2         00  02  00  00  00  00  00  00  00  00  08  10  00  00  00 [af]
                     o1=0     o2=0     o3=0     o4=0     o5=2064  o6=0     o7=175  
[   4.75s] bloc   2         00  02  00  00  00  00  00  00  00  00  08  10  00  00  00 [bd]
                     o1=0     o2=0     o3=0     o4=0     o5=2064  o6=0     o7=189  
[   4.76s] bloc   2         00  02  00  00  00  00  00  00  00  00  08  10  00  00  00 [cb]
                     o1=0     o2=0     o3=0     o4=0     o5=2064  o6=0     o7=203  
[   4.76s] bloc   2         00  02  00  00  00  00  00  00  00  00  08  10  00  00  00 [de]
                     o1=0     o2=0     o3=0     o4=0     o5=2064  o6=0     o7=222  
[   4.76s] bloc   2         00  02  00  00  00  00  00  00  00  00  08  10  00  00  00 [ee]
                     o1=0     o2=0     o3=0     o4=0     o5=2064  o6=0     o7=238  
[   4.77s] bloc   2         00  02  00  00  00  00  00  00  00  00  08  10  00  00 [01][02]
                     o1=0     o2=0     o3=0     o4=0     o5=2064  o6=0     o7=258  
[   4.77s] bloc   2         00  02  00  00  00  00  00  00  00  00  08  10  00  00  01 [17]
                     o1=0     o2=0     o3=0     o4=0     o5=2064  o6=0     o7=279  
[   4.78s] bloc   2         00  02  00  00  00  00  00  00  00  00  08  10  00  00  01 [2a]
                     o1=0     o2=0     o3=0     o4=0     o5=2064  o6=0     o7=298  
[   4.78s] bloc   2         00  02  00  00  00  00  00  00  00  00  08  10  00  00  01 [3c]
                     o1=0     o2=0     o3=0     o4=0     o5=2064  o6=0     o7=316  
[   4.78s] bloc   2         00  02  00  00  00  00  00  00  00  00  08  10  00  00  01 [49]
                     o1=0     o2=0     o3=0     o4=0     o5=2064  o6=0     o7=329  
[   4.79s] bloc   2         00  02  00  00  00  00  00  00  00  00  08  10  00  00  01 [5d]
                     o1=0     o2=0     o3=0     o4=0     o5=2064  o6=0     o7=349  
[   4.79s] bloc   2         00  02  00  00  00  00  00  00  00  00  08  10  00  00  01 [68]
                     o1=0     o2=0     o3=0     o4=0     o5=2064  o6=0     o7=360  
[   4.79s] bloc   2         00  02  00  00  00  00  00  00  00  00  08  10  00  00  01 [74]
                     o1=0     o2=0     o3=0     o4=0     o5=2064  o6=0     o7=372  
[   4.80s] bloc   2         00  02  00  00  00  00  00  00  00  00  08  10  00  00  01 [8b]
                     o1=0     o2=0     o3=0     o4=0     o5=2064  o6=0     o7=395  
[   4.80s] bloc   2         00  02  00  00  00  00  00  00  00  00  08  10  00  00  01 [a3]
                     o1=0     o2=0     o3=0     o4=0     o5=2064  o6=0     o7=419  
[   4.81s] bloc   2         00  02  00  00  00  00  00  00  00  00  08  10  00  00  01 [b9]
                     o1=0     o2=0     o3=0     o4=0     o5=2064  o6=0     o7=441  
[   4.81s] bloc   2         00  02  00  00  00  00  00  00  00  00  08  10  00  00  01 [c9]
                     o1=0     o2=0     o3=0     o4=0     o5=2064  o6=0     o7=457  
[   4.81s] bloc   2         00  02  00  00  00  00  00  00  00  00  08  10  00  00  01 [d8]
                     o1=0     o2=0     o3=0     o4=0     o5=2064  o6=0     o7=472  
[   4.81s] bloc   2         00  02  00  00  00  00  00  00  00  00  08  10  00  00  01 [e6]
                     o1=0     o2=0     o3=0     o4=0     o5=2064  o6=0     o7=486  
[   4.81s] bloc   2         00  02  00  00  00  00  00  00  00  00  08  10  00  00  01 [f2]
                     o1=0     o2=0     o3=0     o4=0     o5=2064  o6=0     o7=498  
[   4.82s] bloc   2         00  02  00  00  00  00  00  00  00  00  08  10  00  00 [02][03]
                     o1=0     o2=0     o3=0     o4=0     o5=2064  o6=0     o7=515  
[   4.82s] bloc   2         00  02  00  00  00  00  00  00  00  00  08  10  00  00  02 [12]
                     o1=0     o2=0     o3=0     o4=0     o5=2064  o6=0     o7=530  
[   4.82s] bloc   2         00  02  00  00  00  00  00  00  00  00  08  10  00  00  02 [24]
                     o1=0     o2=0     o3=0     o4=0     o5=2064  o6=0     o7=548  
[   4.82s] bloc   2         00  02  00  00  00  00  00  00  00  00  08  10  00  00  02 [31]
                     o1=0     o2=0     o3=0     o4=0     o5=2064  o6=0     o7=561  
[   4.83s] bloc   2         00  02  00  00  00  00  00  00  00  00  08  10  00  00  02 [40]
                     o1=0     o2=0     o3=0     o4=0     o5=2064  o6=0     o7=576  
[   4.83s] bloc   2         00  02  00  00  00  00  00  00  00  00  08  10  00  00  02 [50]
                     o1=0     o2=0     o3=0     o4=0     o5=2064  o6=0     o7=592  
[   4.83s] bloc   2         00  02  00  00  00  00  00  00  00  00  08  10  00  00  02 [62]
                     o1=0     o2=0     o3=0     o4=0     o5=2064  o6=0     o7=610  
[   4.83s] bloc   2         00  02  00  00  00  00  00  00  00  00  08  10  00  00  02 [6f]
                     o1=0     o2=0     o3=0     o4=0     o5=2064  o6=0     o7=623  
[   4.83s] bloc   2         00  02  00  00  00  00  00  00  00  00  08  10  00  00  02 [80]
                     o1=0     o2=0     o3=0     o4=0     o5=2064  o6=0     o7=640  
[   4.84s] bloc   2         00  02  00  00  00  00  00  00  00  00  08  10  00  00  02 [91]
                     o1=0     o2=0     o3=0     o4=0     o5=2064  o6=0     o7=657  
[   4.84s] bloc   2         00  02  00  00  00  00  00  00  00  00  08  10  00  00  02 [a1]
                     o1=0     o2=0     o3=0     o4=0     o5=2064  o6=0     o7=673  
[   4.84s] bloc   2         00  02  00  00  00  00  00  00  00  00  08  10  00  00  02 [b4]
                     o1=0     o2=0     o3=0     o4=0     o5=2064  o6=0     o7=692  
[   4.84s] bloc   2         00  02  00  00  00  00  00  00  00  00  08  10  00  00  02 [c5]
                     o1=0     o2=0     o3=0     o4=0     o5=2064  o6=0     o7=709  
[   4.84s] bloc   2         00  02  00  00  00  00  00  00  00  00  08  10  00  00  02 [d3]
                     o1=0     o2=0     o3=0     o4=0     o5=2064  o6=0     o7=723  
[   4.85s] bloc   2         00  02  00  00  00  00  00  00  00  00  08  10  00  00  02 [e4]
                     o1=0     o2=0     o3=0     o4=0     o5=2064  o6=0     o7=740  
[   4.85s] bloc   2         00  02  00  00  00  00  00  00  00  00  08  10  00  00  02 [f4]
                     o1=0     o2=0     o3=0     o4=0     o5=2064  o6=0     o7=756  
[   4.85s] bloc   2         00  02  00  00  00  00  00  00  00  00  08  10  00  00 [03][05]
                     o1=0     o2=0     o3=0     o4=0     o5=2064  o6=0     o7=773  
[   4.85s] bloc   2         00  02  00  00  00  00  00  00  00  00  08  10  00  00  03 [18]
                     o1=0     o2=0     o3=0     o4=0     o5=2064  o6=0     o7=792  
[   4.86s] bloc   2         00  02  00  00  00  00  00  00  00  00  08  10  00  00  03 [27]
                     o1=0     o2=0     o3=0     o4=0     o5=2064  o6=0     o7=807  
[   4.86s] bloc   2         00  02  00  00  00  00  00  00  00  00  08  10  00  00  03 [38]
                     o1=0     o2=0     o3=0     o4=0     o5=2064  o6=0     o7=824  
[   4.86s] bloc   2         00  02  00  00  00  00  00  00  00  00  08  10  00  00  03 [4d]
                     o1=0     o2=0     o3=0     o4=0     o5=2064  o6=0     o7=845  
[   4.86s] bloc   2         00  02  00  00  00  00  00  00  00  00  08  10  00  00  03 [5c]
                     o1=0     o2=0     o3=0     o4=0     o5=2064  o6=0     o7=860  
[   4.86s] bloc   2         00  02  00  00  00  00  00  00  00  00  08  10  00  00  03 [70]
                     o1=0     o2=0     o3=0     o4=0     o5=2064  o6=0     o7=880  
[   4.87s] bloc   2         00  02  00  00  00  00  00  00  00  00  08  10  00  00  03 [85]
                     o1=0     o2=0     o3=0     o4=0     o5=2064  o6=0     o7=901  
[   4.87s] bloc   2         00  02  00  00  00  00  00  00  00  00  08  10  00  00  03 [9a]
                     o1=0     o2=0     o3=0     o4=0     o5=2064  o6=0     o7=922  
[   4.87s] bloc   2         00  02  00  00  00  00  00  00  00  00  08  10  00  00  03 [b0]
                     o1=0     o2=0     o3=0     o4=0     o5=2064  o6=0     o7=944  
[   4.87s] bloc   2         00  02  00  00  00  00  00  00  00  00  08  10  00  00  03 [c2]
                     o1=0     o2=0     o3=0     o4=0     o5=2064  o6=0     o7=962  
[   4.88s] bloc   2         00  02  00  00  00  00  00  00  00  00  08  10  00  00  03 [d6]
                     o1=0     o2=0     o3=0     o4=0     o5=2064  o6=0     o7=982  
[   4.88s] bloc   2         00  02  00  00  00  00  00  00  00  00  08  10  00  00  03 [ea]
                     o1=0     o2=0     o3=0     o4=0     o5=2064  o6=0     o7=1002 
[   4.88s] bloc   2         00  02  00  00  00  00  00  00  00  00  08  10  00  00  03 [fc]
                     o1=0     o2=0     o3=0     o4=0     o5=2064  o6=0     o7=1020 
[   4.88s] bloc   2         00  02  00  00  00  00  00  00  00  00  08  10  00  00 [04][13]
                     o1=0     o2=0     o3=0     o4=0     o5=2064  o6=0     o7=1043 
[   4.88s] bloc   2         00  02  00  00  00  00  00  00  00  00  08  10  00  00  04 [26]
                     o1=0     o2=0     o3=0     o4=0     o5=2064  o6=0     o7=1062 
[   4.89s] bloc   2         00  02  00  00  00  00  00  00  00  00  08  10  00  00  04 [3a]
                     o1=0     o2=0     o3=0     o4=0     o5=2064  o6=0     o7=1082 
[   4.89s] bloc   2         00  02  00  00  00  00  00  00  00  00  08  10  00  00  04 [4b]
                     o1=0     o2=0     o3=0     o4=0     o5=2064  o6=0     o7=1099 
[   4.89s] bloc   2         00  02  00  00  00  00  00  00  00  00  08  10  00  00  04 [5f]
                     o1=0     o2=0     o3=0     o4=0     o5=2064  o6=0     o7=1119 
[   4.89s] bloc   2         00  02  00  00  00  00  00  00  00  00  08  10  00  00  04 [70]
                     o1=0     o2=0     o3=0     o4=0     o5=2064  o6=0     o7=1136 
[   4.90s] bloc   2         00  02  00  00  00  00  00  00  00  00  08  10  00  00  04 [81]
                     o1=0     o2=0     o3=0     o4=0     o5=2064  o6=0     o7=1153 
[   4.90s] bloc   2         00  02  00  00  00  00  00  00  00  00  08  10  00  00  04 [97]
                     o1=0     o2=0     o3=0     o4=0     o5=2064  o6=0     o7=1175 
[   4.90s] bloc   2         00  02  00  00  00  00  00  00  00  00  08  10  00  00  04 [a6]
                     o1=0     o2=0     o3=0     o4=0     o5=2064  o6=0     o7=1190 
[   4.90s] bloc   2         00  02  00  00  00  00  00  00  00  00  08  10  00  00  04 [ba]
                     o1=0     o2=0     o3=0     o4=0     o5=2064  o6=0     o7=1210 
[   4.90s] bloc   2         00  02  00  00  00  00  00  00  00  00  08  10  00  00  04 [ce]
                     o1=0     o2=0     o3=0     o4=0     o5=2064  o6=0     o7=1230 
[   4.91s] bloc   2         00  02  00  00  00  00  00  00  00  00  08  10  00  00  04 [e2]
                     o1=0     o2=0     o3=0     o4=0     o5=2064  o6=0     o7=1250 
[   4.91s] bloc   2         00  02  00  00  00  00  00  00  00  00  08  10  00  00  04 [f6]
                     o1=0     o2=0     o3=0     o4=0     o5=2064  o6=0     o7=1270 
[   4.91s] bloc   2         00  02  00  00  00  00  00  00  00  00  08  10  00  00 [05][0a]
                     o1=0     o2=0     o3=0     o4=0     o5=2064  o6=0     o7=1290 
[   4.91s] bloc   2         00  02  00  00  00  00  00  00  00  00  08  10  00  00  05 [1e]
                     o1=0     o2=0     o3=0     o4=0     o5=2064  o6=0     o7=1310 
[   4.91s] bloc   2         00  02  00  00  00  00  00  00  00  00  08  10  00  00  05 [31]
                     o1=0     o2=0     o3=0     o4=0     o5=2064  o6=0     o7=1329 
[   4.92s] bloc   2         00  02  00  00  00  00  00  00  00  00  08  10  00  00  05 [44]
                     o1=0     o2=0     o3=0     o4=0     o5=2064  o6=0     o7=1348 
[   4.92s] bloc   2         00  02  00  00  00  00  00  00  00  00  08  10  00  00  05 [57]
                     o1=0     o2=0     o3=0     o4=0     o5=2064  o6=0     o7=1367 
[   4.92s] bloc   2         00  02  00  00  00  00  00  00  00  00  08  10  00  00  05 [69]
                     o1=0     o2=0     o3=0     o4=0     o5=2064  o6=0     o7=1385 
[   4.92s] bloc   2         00  02  00  00  00  00  00  00  00  00  08  10  00  00  05 [7c]
                     o1=0     o2=0     o3=0     o4=0     o5=2064  o6=0     o7=1404 
[   4.93s] bloc   2         00  02  00  00  00  00  00  00  00  00  08  10  00  00  05 [8f]
                     o1=0     o2=0     o3=0     o4=0     o5=2064  o6=0     o7=1423 
[   4.93s] bloc   2         00  02  00  00  00  00  00  00  00  00  08  10  00  00  05 [a1]
                     o1=0     o2=0     o3=0     o4=0     o5=2064  o6=0     o7=1441 
[   4.93s] bloc   2         00  02  00  00  00  00  00  00  00  00  08  10  00  00  05 [b5]
                     o1=0     o2=0     o3=0     o4=0     o5=2064  o6=0     o7=1461 
[   4.93s] bloc   2         00  02  00  00  00  00  00  00  00  00  08  10  00  00  05 [c7]
                     o1=0     o2=0     o3=0     o4=0     o5=2064  o6=0     o7=1479 
[   4.93s] bloc   2         00  02  00  00  00  00  00  00  00  00  08  10  00  00  05 [dc]
                     o1=0     o2=0     o3=0     o4=0     o5=2064  o6=0     o7=1500 
[   4.94s] bloc   2         00  02  00  00  00  00  00  00  00  00  08  10  00  00  05 [e9]
                     o1=0     o2=0     o3=0     o4=0     o5=2064  o6=0     o7=1513 
[   4.94s] bloc   2         00  02  00  00  00  00  00  00  00  00  08  10  00  00 [06][00]
                     o1=0     o2=0     o3=0     o4=0     o5=2064  o6=0     o7=1536 
[   4.94s] bloc   2         00  02  00  00  00  00  00  00  00  00  08  10  00  00  06 [14]
                     o1=0     o2=0     o3=0     o4=0     o5=2064  o6=0     o7=1556 
[   4.94s] bloc   2         00  02  00  00  00  00  00  00  00  00  08  10  00  00  06 [27]
                     o1=0     o2=0     o3=0     o4=0     o5=2064  o6=0     o7=1575 
[   4.94s] bloc   2         00  02  00  00  00  00  00  00  00  00  08  10  00  00  06 [38]
                     o1=0     o2=0     o3=0     o4=0     o5=2064  o6=0     o7=1592 
[   4.95s] bloc   2         00  02  00  00  00  00  00  00  00  00  08  10  00  00  06 [4a]
                     o1=0     o2=0     o3=0     o4=0     o5=2064  o6=0     o7=1610 
[   4.95s] bloc   2         00  02  00  00  00  00  00  00  00  00  08  10  00  00  06 [5e]
                     o1=0     o2=0     o3=0     o4=0     o5=2064  o6=0     o7=1630 
[   4.95s] bloc   2         00  02  00  00  00  00  00  00  00  00  08  10  00  00  06 [6f]
                     o1=0     o2=0     o3=0     o4=0     o5=2064  o6=0     o7=1647 
[   4.95s] bloc   2         00  02  00  00  00  00  00  00  00  00  08  10  00  00  06 [80]
                     o1=0     o2=0     o3=0     o4=0     o5=2064  o6=0     o7=1664 
[   4.96s] bloc   2         00  02  00  00  00  00  00  00  00  00  08  10  00  00  06 [90]
                     o1=0     o2=0     o3=0     o4=0     o5=2064  o6=0     o7=1680 
[   4.96s] bloc   2         00  02  00  00  00  00  00  00  00  00  08  10  00  00  06 [a1]
                     o1=0     o2=0     o3=0     o4=0     o5=2064  o6=0     o7=1697 
[   4.96s] bloc   2         00  02  00  00  00  00  00  00  00  00  08  10  00  00  06 [b3]
                     o1=0     o2=0     o3=0     o4=0     o5=2064  o6=0     o7=1715 
[   4.96s] bloc   2         00  02  00  00  00  00  00  00  00  00  08  10  00  00  06 [c4]
                     o1=0     o2=0     o3=0     o4=0     o5=2064  o6=0     o7=1732 
[   4.96s] bloc   2         00  02  00  00  00  00  00  00  00  00  08  10  00  00  06 [d6]
                     o1=0     o2=0     o3=0     o4=0     o5=2064  o6=0     o7=1750 
[   4.97s] bloc   2         00  02  00  00  00  00  00  00  00  00  08  10  00  00  06 [e8]
                     o1=0     o2=0     o3=0     o4=0     o5=2064  o6=0     o7=1768 
[   4.97s] bloc   2         00  02  00  00  00  00  00  00  00  00  08  10  00  00  06 [fb]
                     o1=0     o2=0     o3=0     o4=0     o5=2064  o6=0     o7=1787 
[   4.97s] bloc   2         00  02  00  00  00  00  00  00  00  00  08  10  00  00 [07][0f]
                     o1=0     o2=0     o3=0     o4=0     o5=2064  o6=0     o7=1807 
[   4.97s] bloc   2         00  02  00  00  00  00  00  00  00  00  08  10  00  00  07 [21]
                     o1=0     o2=0     o3=0     o4=0     o5=2064  o6=0     o7=1825 
[   4.98s] bloc   2         00  02  00  00  00  00  00  00  00  00  08  10  00  00  07 [33]
                     o1=0     o2=0     o3=0     o4=0     o5=2064  o6=0     o7=1843 
[   4.98s] bloc   2         00  02  00  00  00  00  00  00  00  00  08  10  00  00  07 [46]
                     o1=0     o2=0     o3=0     o4=0     o5=2064  o6=0     o7=1862 
[   4.98s] bloc   2         00  02  00  00  00  00  00  00  00  00  08  10  00  00  07 [57]
                     o1=0     o2=0     o3=0     o4=0     o5=2064  o6=0     o7=1879 
[   4.98s] bloc   2         00  02  00  00  00  00  00  00  00  00  08  10  00  00  07 [66]
                     o1=0     o2=0     o3=0     o4=0     o5=2064  o6=0     o7=1894 
[   4.98s] bloc   2         00  02  00  00  00  00  00  00  00  00  08  10  00  00  07 [78]
                     o1=0     o2=0     o3=0     o4=0     o5=2064  o6=0     o7=1912 
[   4.99s] bloc   2         00  02  00  00  00  00  00  00  00  00  08  10  00  00  07 [8a]
                     o1=0     o2=0     o3=0     o4=0     o5=2064  o6=0     o7=1930 
[   4.99s] bloc   2         00  02  00  00  00  00  00  00  00  00  08  10  00  00  07 [99]
                     o1=0     o2=0     o3=0     o4=0     o5=2064  o6=0     o7=1945 
[   4.99s] bloc   2         00  02  00  00  00  00  00  00  00  00  08  10  00  00  07 [ab]
                     o1=0     o2=0     o3=0     o4=0     o5=2064  o6=0     o7=1963 
[   4.99s] bloc   2         00  02  00  00  00  00  00  00  00  00  08  10  00  00  07 [b8]
                     o1=0     o2=0     o3=0     o4=0     o5=2064  o6=0     o7=1976 
[   4.99s] bloc   2         00  02  00  00  00  00  00  00  00  00  08  10  00  00  07 [c7]
                     o1=0     o2=0     o3=0     o4=0     o5=2064  o6=0     o7=1991 
[   5.00s] bloc   2         00  02  00  00  00  00  00  00  00  00  08  10  00  00  07 [d8]
                     o1=0     o2=0     o3=0     o4=0     o5=2064  o6=0     o7=2008 
[   5.00s] bloc   2         00  02  00  00  00  00  00  00  00  00  08  10  00  00  07 [ea]
                     o1=0     o2=0     o3=0     o4=0     o5=2064  o6=0     o7=2026 
[   5.00s] bloc   2         00  02  00  00  00  00  00  00  00  00  08  10  00  00  07 [f9]
                     o1=0     o2=0     o3=0     o4=0     o5=2064  o6=0     o7=2041 
[   5.00s] bloc   2         00  02  00  00  00  00  00  00  00  00  08  10  00  00 [08][0c]
                     o1=0     o2=0     o3=0     o4=0     o5=2064  o6=0     o7=2060 
[   5.01s] bloc   2         00  02  00  00  00  00  00  00  00  00  08  10  00  00  08 [21]
                     o1=0     o2=0     o3=0     o4=0     o5=2064  o6=0     o7=2081 
[   5.01s] bloc   2         00  02  00  00  00  00  00  00  00  00  08  10  00  00  08 [36]
                     o1=0     o2=0     o3=0     o4=0     o5=2064  o6=0     o7=2102 
[   5.01s] bloc   2         00  02  00  00  00  00  00  00  00  00  08  10  00  00  08 [4a]
                     o1=0     o2=0     o3=0     o4=0     o5=2064  o6=0     o7=2122 
[   5.01s] bloc   2         00  02  00  00  00  00  00  00  00  00  08  10  00  00  08 [5e]
                     o1=0     o2=0     o3=0     o4=0     o5=2064  o6=0     o7=2142 
[   5.01s] bloc   2         00  02  00  00  00  00  00  00  00  00  08  10  00  00  08 [74]
                     o1=0     o2=0     o3=0     o4=0     o5=2064  o6=0     o7=2164 
[   5.02s] bloc   2         00  02  00  00  00  00  00  00  00  00  08  10  00  00  08 [87]
                     o1=0     o2=0     o3=0     o4=0     o5=2064  o6=0     o7=2183 
[   5.02s] bloc   2         00  02  00  00  00  00  00  00  00  00  08  10  00  00  08 [98]
                     o1=0     o2=0     o3=0     o4=0     o5=2064  o6=0     o7=2200 
[   5.02s] bloc   2         00  02  00  00  00  00  00  00  00  00  08  10  00  00  08 [a9]
                     o1=0     o2=0     o3=0     o4=0     o5=2064  o6=0     o7=2217 
[   5.02s] bloc   2         00  02  00  00  00  00  00  00  00  00  08  10  00  00  08 [ba]
                     o1=0     o2=0     o3=0     o4=0     o5=2064  o6=0     o7=2234 
[   5.03s] bloc   2         00  02  00  00  00  00  00  00  00  00  08  10  00  00  08 [ca]
                     o1=0     o2=0     o3=0     o4=0     o5=2064  o6=0     o7=2250 
[   5.03s] bloc   2         00  02  00  00  00  00  00  00  00  00  08  10  00  00  08 [d7]
                     o1=0     o2=0     o3=0     o4=0     o5=2064  o6=0     o7=2263 
[   5.03s] bloc   2         00  02  00  00  00  00  00  00  00  00  08  10  00  00  08 [e9]
                     o1=0     o2=0     o3=0     o4=0     o5=2064  o6=0     o7=2281 
[   5.03s] bloc   2         00  02  00  00  00  00  00  00  00  00  08  10  00  00  08 [f8]
                     o1=0     o2=0     o3=0     o4=0     o5=2064  o6=0     o7=2296 
[   5.03s] bloc   2         00  02  00  00  00  00  00  00  00  00  08  10  00  00 [09][0a]
                     o1=0     o2=0     o3=0     o4=0     o5=2064  o6=0     o7=2314 
[   5.04s] bloc   2         00  02  00  00  00  00  00  00  00  00  08  10  00  00  09 [1b]
                     o1=0     o2=0     o3=0     o4=0     o5=2064  o6=0     o7=2331 
[   5.04s] bloc   2         00  02  00  00  00  00  00  00  00  00  08  10  00  00  09 [2c]
                     o1=0     o2=0     o3=0     o4=0     o5=2064  o6=0     o7=2348 
[   5.04s] bloc   2         00  02  00  00  00  00  00  00  00  00  08  10  00  00  09 [43]
                     o1=0     o2=0     o3=0     o4=0     o5=2064  o6=0     o7=2371 
[   5.04s] bloc   2         00  02  00  00  00  00  00  00  00  00  08  10  00  00  09 [58]
                     o1=0     o2=0     o3=0     o4=0     o5=2064  o6=0     o7=2392 
[   5.05s] bloc   2         00  02  00  00  00  00  00  00  00  00  08  10  00  00  09 [6e]
                     o1=0     o2=0     o3=0     o4=0     o5=2064  o6=0     o7=2414 
[   5.05s] bloc   2         00  02  00  00  00  00  00  00  00  00  08  10  00  00  09 [83]
                     o1=0     o2=0     o3=0     o4=0     o5=2064  o6=0     o7=2435 
[   5.05s] bloc   2         00  02  00  00  00  00  00  00  00  00  08  10  00  00  09 [97]
                     o1=0     o2=0     o3=0     o4=0     o5=2064  o6=0     o7=2455 
[   5.05s] bloc   2         00  02  00  00  00  00  00  00  00  00  08  10  00  00  09 [ae]
                     o1=0     o2=0     o3=0     o4=0     o5=2064  o6=0     o7=2478 
[   5.05s] bloc   2         00  02  00  00  00  00  00  00  00  00  08  10  00  00  09 [c6]
                     o1=0     o2=0     o3=0     o4=0     o5=2064  o6=0     o7=2502 
[   5.06s] bloc   2         00  02  00  00  00  00  00  00  00  00  08  10  00  00  09 [dc]
                     o1=0     o2=0     o3=0     o4=0     o5=2064  o6=0     o7=2524 
[   5.06s] bloc   2         00  02  00  00  00  00  00  00  00  00  08  10  00  00  09 [f4]
                     o1=0     o2=0     o3=0     o4=0     o5=2064  o6=0     o7=2548 
[   5.06s] bloc   2         00  02  00  00  00  00  00  00  00  00  08  10  00  00 [0a][0b]
                     o1=0     o2=0     o3=0     o4=0     o5=2064  o6=0     o7=2571 
[   5.06s] bloc   2         00  02  00  00  00  00  00  00  00  00  08  10  00  00  0a [20]
                     o1=0     o2=0     o3=0     o4=0     o5=2064  o6=0     o7=2592 
[   5.06s] bloc   2         00  02  00  00  00  00  00  00  00  00  08  10  00  00  0a [36]
                     o1=0     o2=0     o3=0     o4=0     o5=2064  o6=0     o7=2614 
[   5.07s] bloc   2         00  02  00  00  00  00  00  00  00  00  08  10  00  00  0a [4b]
                     o1=0     o2=0     o3=0     o4=0     o5=2064  o6=0     o7=2635 
[   5.07s] bloc   2         00  02  00  00  00  00  00  00  00  00  08  10  00  00  0a [5d]
                     o1=0     o2=0     o3=0     o4=0     o5=2064  o6=0     o7=2653 
[   5.07s] bloc   2         00  02  00  00  00  00  00  00  00  00  08  10  00  00  0a [71]
                     o1=0     o2=0     o3=0     o4=0     o5=2064  o6=0     o7=2673 
[   5.07s] bloc   2         00  02  00  00  00  00  00  00  00  00  08  10  00  00  0a [86]
                     o1=0     o2=0     o3=0     o4=0     o5=2064  o6=0     o7=2694 
[   5.08s] bloc   2         00  02  00  00  00  00  00  00  00  00  08  10  00  00  0a [9c]
                     o1=0     o2=0     o3=0     o4=0     o5=2064  o6=0     o7=2716 
[   5.08s] bloc   2         00  02  00  00  00  00  00  00  00  00  08  10  00  00  0a [af]
                     o1=0     o2=0     o3=0     o4=0     o5=2064  o6=0     o7=2735 
[   5.08s] bloc   2         00  02  00  00  00  00  00  00  00  00  08  10  00  00  0a [c2]
                     o1=0     o2=0     o3=0     o4=0     o5=2064  o6=0     o7=2754 
[   5.08s] bloc   2         00  02  00  00  00  00  00  00  00  00  08  10  00  00  0a [d6]
                     o1=0     o2=0     o3=0     o4=0     o5=2064  o6=0     o7=2774 
[   5.08s] bloc   2         00  02  00  00  00  00  00  00  00  00  08  10  00  00  0a [e9]
                     o1=0     o2=0     o3=0     o4=0     o5=2064  o6=0     o7=2793 
[   5.09s] bloc   2         00  02  00  00  00  00  00  00  00  00  08  10  00  00  0a [fd]
                     o1=0     o2=0     o3=0     o4=0     o5=2064  o6=0     o7=2813 
[   5.09s] bloc   2         00  02  00  00  00  00  00  00  00  00  08  10  00  00 [0b][11]
                     o1=0     o2=0     o3=0     o4=0     o5=2064  o6=0     o7=2833 
[   5.09s] bloc   2         00  02  00  00  00  00  00  00  00  00  08  10  00  00  0b [20]
                     o1=0     o2=0     o3=0     o4=0     o5=2064  o6=0     o7=2848 
[   5.09s] bloc   2         00  02  00  00  00  00  00  00  00  00  08  10  00  00  0b [36]
                     o1=0     o2=0     o3=0     o4=0     o5=2064  o6=0     o7=2870 
[   5.10s] bloc   2         00  02  00  00  00  00  00  00  00  00  08  10  00  00  0b [4b]
                     o1=0     o2=0     o3=0     o4=0     o5=2064  o6=0     o7=2891 
[   5.10s] bloc   2         00  02  00  00  00  00  00  00  00  00  08  10  00  00  0b [5d]
                     o1=0     o2=0     o3=0     o4=0     o5=2064  o6=0     o7=2909 
[   5.10s] bloc   2         00  02  00  00  00  00  00  00  00  00  08  10  00  00  0b [72]
                     o1=0     o2=0     o3=0     o4=0     o5=2064  o6=0     o7=2930 
[   5.10s] bloc   2         00  02  00  00  00  00  00  00  00  00  08  10  00  00  0b [89]
                     o1=0     o2=0     o3=0     o4=0     o5=2064  o6=0     o7=2953 
[   5.10s] bloc   2         00  02  00  00  00  00  00  00  00  00  08  10  00  00  0b [9d]
                     o1=0     o2=0     o3=0     o4=0     o5=2064  o6=0     o7=2973 
[   5.11s] bloc   2         00  02  00  00  00  00  00  00  00  00  08  10  00  00  0b [b2]
                     o1=0     o2=0     o3=0     o4=0     o5=2064  o6=0     o7=2994 
[   5.11s] bloc   2         00  02  00  00  00  00  00  00  00  00  08  10  00  00  0b [cd]
                     o1=0     o2=0     o3=0     o4=0     o5=2064  o6=0     o7=3021 
[   5.11s] bloc   2         00  02  00  00  00  00  00  00  00  00  08  10  00  00  0b [e2]
                     o1=0     o2=0     o3=0     o4=0     o5=2064  o6=0     o7=3042 
[   5.11s] bloc   2         00  02  00  00  00  00  00  00  00  00  08  10  00  00  0b [f9]
                     o1=0     o2=0     o3=0     o4=0     o5=2064  o6=0     o7=3065 
[   5.11s] bloc   2         00  02  00  00  00  00  00  00  00  00  08  10  00  00 [0c][12]
                     o1=0     o2=0     o3=0     o4=0     o5=2064  o6=0     o7=3090 
[   5.12s] bloc   2         00  02  00  00  00  00  00  00  00  00  08  10  00  00  0c [2a]
                     o1=0     o2=0     o3=0     o4=0     o5=2064  o6=0     o7=3114 
[   5.12s] bloc   2         00  02  00  00  00  00  00  00  00  00  08  10  00  00  0c [42]
                     o1=0     o2=0     o3=0     o4=0     o5=2064  o6=0     o7=3138 
[   5.12s] bloc   2         00  02  00  00  00  00  00  00  00  00  08  10  00  00  0c [59]
                     o1=0     o2=0     o3=0     o4=0     o5=2064  o6=0     o7=3161 
[   5.12s] bloc   2         00  02  00  00  00  00  00  00  00  00  08  10  00  00  0c [71]
                     o1=0     o2=0     o3=0     o4=0     o5=2064  o6=0     o7=3185 
[   5.13s] bloc   2         00  02  00  00  00  00  00  00  00  00  08  10  00  00  0c [87]
                     o1=0     o2=0     o3=0     o4=0     o5=2064  o6=0     o7=3207 
[   5.13s] bloc   2         00  02  00  00  00  00  00  00  00  00  08  10  00  00  0c [9d]
                     o1=0     o2=0     o3=0     o4=0     o5=2064  o6=0     o7=3229 
[   5.13s] bloc   2         00  02  00  00  00  00  00  00  00  00  08  10  00  00  0c [b1]
                     o1=0     o2=0     o3=0     o4=0     o5=2064  o6=0     o7=3249 
[   5.13s] bloc   2         00  02  00  00  00  00  00  00  00  00  08  10  00  00  0c [c5]
                     o1=0     o2=0     o3=0     o4=0     o5=2064  o6=0     o7=3269 
[   5.13s] bloc   2         00  02  00  00  00  00  00  00  00  00  08  10  00  00  0c [db]
                     o1=0     o2=0     o3=0     o4=0     o5=2064  o6=0     o7=3291 
[   5.14s] bloc   2         00  02  00  00  00  00  00  00  00  00  08  10  00  00  0c [f1]
                     o1=0     o2=0     o3=0     o4=0     o5=2064  o6=0     o7=3313 
[   5.14s] bloc   2         00  02  00  00  00  00  00  00  00  00  08  10  00  00 [0d][04]
                     o1=0     o2=0     o3=0     o4=0     o5=2064  o6=0     o7=3332 
[   5.14s] bloc   2         00  02  00  00  00  00  00  00  00  00  08  10  00  00  0d [1a]
                     o1=0     o2=0     o3=0     o4=0     o5=2064  o6=0     o7=3354 
[   5.14s] bloc   2         00  02  00  00  00  00  00  00  00  00  08  10  00  00  0d [2b]
                     o1=0     o2=0     o3=0     o4=0     o5=2064  o6=0     o7=3371 
[   5.15s] bloc   2         00  02  00  00  00  00  00  00  00  00  08  10  00  00  0d [3f]
                     o1=0     o2=0     o3=0     o4=0     o5=2064  o6=0     o7=3391 
[   5.15s] bloc   2         00  02  00  00  00  00  00  00  00  00  08  10  00  00  0d [4f]
                     o1=0     o2=0     o3=0     o4=0     o5=2064  o6=0     o7=3407 
[   5.15s] bloc   2         00  02  00  00  00  00  00  00  00  00  08  10  00  00  0d [5d]
                     o1=0     o2=0     o3=0     o4=0     o5=2064  o6=0     o7=3421 
[   5.15s] bloc   2         00  02  00  00  00  00  00  00  00  00  08  10  00  00  0d [6b]
                     o1=0     o2=0     o3=0     o4=0     o5=2064  o6=0     o7=3435 
[   5.15s] bloc   2         00  02  00  00  00  00  00  00  00  00  08  10  00  00  0d [79]
                     o1=0     o2=0     o3=0     o4=0     o5=2064  o6=0     o7=3449 
[   5.16s] bloc   2         00  02  00  00  00  00  00  00  00  00  08  10  00  00  0d [88]
                     o1=0     o2=0     o3=0     o4=0     o5=2064  o6=0     o7=3464 
[   5.16s] bloc   2         00  02  00  00  00  00  00  00  00  00  08  10  00  00  0d [96]
                     o1=0     o2=0     o3=0     o4=0     o5=2064  o6=0     o7=3478 
[   5.16s] bloc   2         00  02  00  00  00  00  00  00  00  00  08  10  00  00  0d [a1]
                     o1=0     o2=0     o3=0     o4=0     o5=2064  o6=0     o7=3489 
[   5.16s] bloc   2         00  02  00  00  00  00  00  00  00  00  08  10  00  00  0d [ae]
                     o1=0     o2=0     o3=0     o4=0     o5=2064  o6=0     o7=3502 
[   5.17s] bloc   2         00  02  00  00  00  00  00  00  00  00  08  10  00  00  0d [c0]
                     o1=0     o2=0     o3=0     o4=0     o5=2064  o6=0     o7=3520 
[   5.17s] bloc   2         00  02  00  00  00  00  00  00  00  00  08  10  00  00  0d [cb]
                     o1=0     o2=0     o3=0     o4=0     o5=2064  o6=0     o7=3531 
[   5.17s] bloc   2         00  02  00  00  00  00  00  00  00  00  08  10  00  00  0d [d8]
                     o1=0     o2=0     o3=0     o4=0     o5=2064  o6=0     o7=3544 
[   5.18s] bloc   2         00  02  00  00  00  00  00  00  00  00  08  10  00  00  0d [ed]
                     o1=0     o2=0     o3=0     o4=0     o5=2064  o6=0     o7=3565 
[   5.18s] bloc   2         00  02  00  00  00  00  00  00  00  00  08  10  00  00  0d [fd]
                     o1=0     o2=0     o3=0     o4=0     o5=2064  o6=0     o7=3581 
[   5.18s] bloc   2         00  02  00  00  00  00  00  00  00  00  08  10  00  00 [0e][11]
                     o1=0     o2=0     o3=0     o4=0     o5=2064  o6=0     o7=3601 
[   5.19s] bloc   2         00  02  00  00  00  00  00  00  00  00  08  10  00  00  0e [2c]
                     o1=0     o2=0     o3=0     o4=0     o5=2064  o6=0     o7=3628 
[   5.19s] bloc   2         00  02  00  00  00  00  00  00  00  00  08  10  00  00  0e [45]
                     o1=0     o2=0     o3=0     o4=0     o5=2064  o6=0     o7=3653 
[   5.20s] bloc   2         00  02  00  00  00  00  00  00  00  00  08  10  00  00  0e [51]
                     o1=0     o2=0     o3=0     o4=0     o5=2064  o6=0     o7=3665 
[   5.20s] bloc   2         00  02  00  00  00  00  00  00  00  00  08  10  00  00  0e [62]
                     o1=0     o2=0     o3=0     o4=0     o5=2064  o6=0     o7=3682 
[   5.20s] bloc   2         00  02  00  00  00  00  00  00  00  00  08  10  00  00  0e [71]
                     o1=0     o2=0     o3=0     o4=0     o5=2064  o6=0     o7=3697 
[   5.20s] bloc   2         00  02  00  00  00  00  00  00  00  00  08  10  00  00  0e [81]
                     o1=0     o2=0     o3=0     o4=0     o5=2064  o6=0     o7=3713 
[   5.20s] bloc   2         00  02  00  00  00  00  00  00  00  00  08  10  00  00  0e [90]
                     o1=0     o2=0     o3=0     o4=0     o5=2064  o6=0     o7=3728 
[   5.21s] bloc   2         00  02  00  00  00  00  00  00  00  00  08  10  00  00  0e [a0]
                     o1=0     o2=0     o3=0     o4=0     o5=2064  o6=0     o7=3744 
[   5.21s] bloc   2         00  02  00  00  00  00  00  00  00  00  08  10  00  00  0e [b2]
                     o1=0     o2=0     o3=0     o4=0     o5=2064  o6=0     o7=3762 
[   5.21s] bloc   2         00  02  00  00  00  00  00  00  00  00  08  10  00  00  0e [c3]
                     o1=0     o2=0     o3=0     o4=0     o5=2064  o6=0     o7=3779 
[   5.21s] bloc   2         00  02  00  00  00  00  00  00  00  00  08  10  00  00  0e [d2]
                     o1=0     o2=0     o3=0     o4=0     o5=2064  o6=0     o7=3794 
[   5.21s] bloc   2         00  02  00  00  00  00  00  00  00  00  08  10  00  00  0e [e4]
                     o1=0     o2=0     o3=0     o4=0     o5=2064  o6=0     o7=3812 
[   5.22s] bloc   2         00  02  00  00  00  00  00  00  00  00  08  10  00  00  0e [f3]
                     o1=0     o2=0     o3=0     o4=0     o5=2064  o6=0     o7=3827 
[   5.22s] bloc   2         00  02  00  00  00  00  00  00  00  00  08  10  00  00 [0f][03]
                     o1=0     o2=0     o3=0     o4=0     o5=2064  o6=0     o7=3843 
[   5.22s] bloc   2         00  02  00  00  00  00  00  00  00  00  08  10  00  00  0f [10]
                     o1=0     o2=0     o3=0     o4=0     o5=2064  o6=0     o7=3856 
[   5.22s] bloc   2         00  02  00  00  00  00  00  00  00  00  08  10  00  00  0f [20]
                     o1=0     o2=0     o3=0     o4=0     o5=2064  o6=0     o7=3872 
[   5.23s] bloc   2         00  02  00  00  00  00  00  00  00  00  08  10  00  00  0f [2c]
                     o1=0     o2=0     o3=0     o4=0     o5=2064  o6=0     o7=3884 
[   5.23s] bloc   2         00  02  00  00  00  00  00  00  00  00  08  10  00  00  0f [38]
                     o1=0     o2=0     o3=0     o4=0     o5=2064  o6=0     o7=3896 
[   5.23s] bloc   2         00  02  00  00  00  00  00  00  00  00  08  10  00  00  0f [47]
                     o1=0     o2=0     o3=0     o4=0     o5=2064  o6=0     o7=3911 
[   5.23s] bloc   2         00  02  00  00  00  00  00  00  00  00  08  10  00  00  0f [54]
                     o1=0     o2=0     o3=0     o4=0     o5=2064  o6=0     o7=3924 
[   5.23s] bloc   2         00  02  00  00  00  00  00  00  00  00  08  10  00  00  0f [63]
                     o1=0     o2=0     o3=0     o4=0     o5=2064  o6=0     o7=3939 
[   5.24s] bloc   2         00  02  00  00  00  00  00  00  00  00  08  10  00  00  0f [79]
                     o1=0     o2=0     o3=0     o4=0     o5=2064  o6=0     o7=3961 
[   5.24s] bloc   2         00  02  00  00  00  00  00  00  00  00  08  10  00  00  0f [85]
                     o1=0     o2=0     o3=0     o4=0     o5=2064  o6=0     o7=3973 
[   5.24s] bloc   2         00  02  00  00  00  00  00  00  00  00  08  10  00  00  0f [91]
                     o1=0     o2=0     o3=0     o4=0     o5=2064  o6=0     o7=3985 
[   5.25s] bloc   2         00  02  00  00  00  00  00  00  00  00  08  10  00  00  0f [9e]
                     o1=0     o2=0     o3=0     o4=0     o5=2064  o6=0     o7=3998 
[   5.25s] bloc   2         00  02  00  00  00  00  00  00  00  00  08  10  00  00  0f [b5]
                     o1=0     o2=0     o3=0     o4=0     o5=2064  o6=0     o7=4021 
[   5.25s] bloc   2         00  02  00  00  00  00  00  00  00  00  08  10  00  00  0f [ca]
                     o1=0     o2=0     o3=0     o4=0     o5=2064  o6=0     o7=4042 
[   5.26s] bloc   2         00  02  00  00  00  00  00  00  00  00  08  10  00  00  0f [dd]
                     o1=0     o2=0     o3=0     o4=0     o5=2064  o6=0     o7=4061 
[   5.26s] bloc   2         00  02  00  00  00  00  00  00  00  00  08  10  00  00  0f [f0]
                     o1=0     o2=0     o3=0     o4=0     o5=2064  o6=0     o7=4080 
[   5.27s] bloc   2         00  02  00  00  00  00  00  00  00  00  08  10  00  00  0f [fd]
                     o1=0     o2=0     o3=0     o4=0     o5=2064  o6=0     o7=4093 
[   5.64s] bloc   2         00  02  00  00  00  00  00  00  00  00  08  10  00  00  0f [f0]
                     o1=0     o2=0     o3=0     o4=0     o5=2064  o6=0     o7=4080 
[   5.65s] bloc   2         00  02  00  00  00  00  00  00  00  00  08  10  00  00  0f [e4]
                     o1=0     o2=0     o3=0     o4=0     o5=2064  o6=0     o7=4068 
[   5.66s] bloc   2         00  02  00  00  00  00  00  00  00  00  08  10  00  00  0f [d9]
                     o1=0     o2=0     o3=0     o4=0     o5=2064  o6=0     o7=4057 
[   5.66s] bloc   2         00  02  00  00  00  00  00  00  00  00  08  10  00  00  0f [cb]
                     o1=0     o2=0     o3=0     o4=0     o5=2064  o6=0     o7=4043 
[   5.67s] bloc   2         00  02  00  00  00  00  00  00  00  00  08  10  00  00  0f [bf]
                     o1=0     o2=0     o3=0     o4=0     o5=2064  o6=0     o7=4031 
[   5.67s] bloc   2         00  02  00  00  00  00  00  00  00  00  08  10  00  00  0f [a5]
                     o1=0     o2=0     o3=0     o4=0     o5=2064  o6=0     o7=4005 
[   5.67s] bloc   2         00  02  00  00  00  00  00  00  00  00  08  10  00  00  0f [92]
                     o1=0     o2=0     o3=0     o4=0     o5=2064  o6=0     o7=3986 
[   5.67s] bloc   2         00  02  00  00  00  00  00  00  00  00  08  10  00  00  0f [80]
                     o1=0     o2=0     o3=0     o4=0     o5=2064  o6=0     o7=3968 
[   5.68s] bloc   2         00  02  00  00  00  00  00  00  00  00  08  10  00  00  0f [69]
                     o1=0     o2=0     o3=0     o4=0     o5=2064  o6=0     o7=3945 
[   5.68s] bloc   2         00  02  00  00  00  00  00  00  00  00  08  10  00  00  0f [4e]
                     o1=0     o2=0     o3=0     o4=0     o5=2064  o6=0     o7=3918 
[   5.68s] bloc   2         00  02  00  00  00  00  00  00  00  00  08  10  00  00  0f [30]
                     o1=0     o2=0     o3=0     o4=0     o5=2064  o6=0     o7=3888 
[   5.68s] bloc   2         00  02  00  00  00  00  00  00  00  00  08  10  00  00  0f [13]
                     o1=0     o2=0     o3=0     o4=0     o5=2064  o6=0     o7=3859 
[   5.69s] bloc   2         00  02  00  00  00  00  00  00  00  00  08  10  00  00 [0e][f5]
                     o1=0     o2=0     o3=0     o4=0     o5=2064  o6=0     o7=3829 
[   5.69s] bloc   2         00  02  00  00  00  00  00  00  00  00  08  10  00  00  0e [d4]
                     o1=0     o2=0     o3=0     o4=0     o5=2064  o6=0     o7=3796 
[   5.69s] bloc   2         00  02  00  00  00  00  00  00  00  00  08  10  00  00  0e [b4]
                     o1=0     o2=0     o3=0     o4=0     o5=2064  o6=0     o7=3764 
[   5.69s] bloc   2         00  02  00  00  00  00  00  00  00  00  08  10  00  00  0e [8e]
                     o1=0     o2=0     o3=0     o4=0     o5=2064  o6=0     o7=3726 
[   5.69s] bloc   2         00  02  00  00  00  00  00  00  00  00  08  10  00  00  0e [6b]
                     o1=0     o2=0     o3=0     o4=0     o5=2064  o6=0     o7=3691 
[   5.70s] bloc   2         00  02  00  00  00  00  00  00  00  00  08  10  00  00  0e [48]
                     o1=0     o2=0     o3=0     o4=0     o5=2064  o6=0     o7=3656 
[   5.70s] bloc   2         00  02  00  00  00  00  00  00  00  00  08  10  00  00  0e [22]
                     o1=0     o2=0     o3=0     o4=0     o5=2064  o6=0     o7=3618 
[   5.70s] bloc   2         00  02  00  00  00  00  00  00  00  00  08  10  00  00 [0d][fa]
                     o1=0     o2=0     o3=0     o4=0     o5=2064  o6=0     o7=3578 
[   5.70s] bloc   2         00  02  00  00  00  00  00  00  00  00  08  10  00  00  0d [d4]
                     o1=0     o2=0     o3=0     o4=0     o5=2064  o6=0     o7=3540 
[   5.70s] bloc   2         00  02  00  00  00  00  00  00  00  00  08  10  00  00  0d [af]
                     o1=0     o2=0     o3=0     o4=0     o5=2064  o6=0     o7=3503 
[   5.71s] bloc   2         00  02  00  00  00  00  00  00  00  00  08  10  00  00  0d [87]
                     o1=0     o2=0     o3=0     o4=0     o5=2064  o6=0     o7=3463 
[   5.71s] bloc   2         00  02  00  00  00  00  00  00  00  00  08  10  00  00  0d [5f]
                     o1=0     o2=0     o3=0     o4=0     o5=2064  o6=0     o7=3423 
[   5.71s] bloc   2         00  02  00  00  00  00  00  00  00  00  08  10  00  00  0d [35]
                     o1=0     o2=0     o3=0     o4=0     o5=2064  o6=0     o7=3381 
[   5.71s] bloc   2         00  02  00  00  00  00  00  00  00  00  08  10  00  00  0d [0b]
                     o1=0     o2=0     o3=0     o4=0     o5=2064  o6=0     o7=3339 
[   5.72s] bloc   2         00  02  00  00  00  00  00  00  00  00  08  10  00  00 [0c][df]
                     o1=0     o2=0     o3=0     o4=0     o5=2064  o6=0     o7=3295 
[   5.72s] bloc   2         00  02  00  00  00  00  00  00  00  00  08  10  00  00  0c [b2]
                     o1=0     o2=0     o3=0     o4=0     o5=2064  o6=0     o7=3250 
[   5.72s] bloc   2         00  02  00  00  00  00  00  00  00  00  08  10  00  00  0c [82]
                     o1=0     o2=0     o3=0     o4=0     o5=2064  o6=0     o7=3202 
[   5.72s] bloc   2         00  02  00  00  00  00  00  00  00  00  08  10  00  00  0c [50]
                     o1=0     o2=0     o3=0     o4=0     o5=2064  o6=0     o7=3152 
[   5.72s] bloc   2         00  02  00  00  00  00  00  00  00  00  08  10  00  00  0c [1e]
                     o1=0     o2=0     o3=0     o4=0     o5=2064  o6=0     o7=3102 
[   5.73s] bloc   2         00  02  00  00  00  00  00  00  00  00  08  10  00  00 [0b][e5]
                     o1=0     o2=0     o3=0     o4=0     o5=2064  o6=0     o7=3045 
[   5.73s] bloc   2         00  02  00  00  00  00  00  00  00  00  08  10  00  00  0b [ab]
                     o1=0     o2=0     o3=0     o4=0     o5=2064  o6=0     o7=2987 
[   5.73s] bloc   2         00  02  00  00  00  00  00  00  00  00  08  10  00  00  0b [72]
                     o1=0     o2=0     o3=0     o4=0     o5=2064  o6=0     o7=2930 
[   5.73s] bloc   2         00  02  00  00  00  00  00  00  00  00  08  10  00  00  0b [38]
                     o1=0     o2=0     o3=0     o4=0     o5=2064  o6=0     o7=2872 
[   5.74s] bloc   2         00  02  00  00  00  00  00  00  00  00  08  10  00  00  0b [01]
                     o1=0     o2=0     o3=0     o4=0     o5=2064  o6=0     o7=2817 
[   5.74s] bloc   2         00  02  00  00  00  00  00  00  00  00  08  10  00  00 [0a][c7]
                     o1=0     o2=0     o3=0     o4=0     o5=2064  o6=0     o7=2759 
[   5.74s] bloc   2         00  02  00  00  00  00  00  00  00  00  08  10  00  00  0a [90]
                     o1=0     o2=0     o3=0     o4=0     o5=2064  o6=0     o7=2704 
[   5.74s] bloc   2         00  02  00  00  00  00  00  00  00  00  08  10  00  00  0a [5b]
                     o1=0     o2=0     o3=0     o4=0     o5=2064  o6=0     o7=2651 
[   5.74s] bloc   2         00  02  00  00  00  00  00  00  00  00  08  10  00  00  0a [29]
                     o1=0     o2=0     o3=0     o4=0     o5=2064  o6=0     o7=2601 
[   5.75s] bloc   2         00  02  00  00  00  00  00  00  00  00  08  10  00  00 [09][f9]
                     o1=0     o2=0     o3=0     o4=0     o5=2064  o6=0     o7=2553 
[   5.75s] bloc   2         00  02  00  00  00  00  00  00  00  00  08  10  00  00  09 [cc]
                     o1=0     o2=0     o3=0     o4=0     o5=2064  o6=0     o7=2508 
[   5.75s] bloc   2         00  02  00  00  00  00  00  00  00  00  08  10  00  00  09 [9d]
                     o1=0     o2=0     o3=0     o4=0     o5=2064  o6=0     o7=2461 
[   5.75s] bloc   2         00  02  00  00  00  00  00  00  00  00  08  10  00  00  09 [74]
                     o1=0     o2=0     o3=0     o4=0     o5=2064  o6=0     o7=2420 
[   5.76s] bloc   2         00  02  00  00  00  00  00  00  00  00  08  10  00  00  09 [4c]
                     o1=0     o2=0     o3=0     o4=0     o5=2064  o6=0     o7=2380 
[   5.76s] bloc   2         00  02  00  00  00  00  00  00  00  00  08  10  00  00  09 [23]
                     o1=0     o2=0     o3=0     o4=0     o5=2064  o6=0     o7=2339 
[   5.76s] bloc   2         00  02  00  00  00  00  00  00  00  00  08  10  00  00 [08][fd]
                     o1=0     o2=0     o3=0     o4=0     o5=2064  o6=0     o7=2301 
[   5.76s] bloc   2         00  02  00  00  00  00  00  00  00  00  08  10  00  00  08 [d7]
                     o1=0     o2=0     o3=0     o4=0     o5=2064  o6=0     o7=2263 
[   5.76s] bloc   2         00  02  00  00  00  00  00  00  00  00  08  10  00  00  08 [b6]
                     o1=0     o2=0     o3=0     o4=0     o5=2064  o6=0     o7=2230 
[   5.77s] bloc   2         00  02  00  00  00  00  00  00  00  00  08  10  00  00  08 [92]
                     o1=0     o2=0     o3=0     o4=0     o5=2064  o6=0     o7=2194 
[   5.77s] bloc   2         00  02  00  00  00  00  00  00  00  00  08  10  00  00  08 [72]
                     o1=0     o2=0     o3=0     o4=0     o5=2064  o6=0     o7=2162 
[   5.77s] bloc   2         00  02  00  00  00  00  00  00  00  00  08  10  00  00  08 [4d]
                     o1=0     o2=0     o3=0     o4=0     o5=2064  o6=0     o7=2125 
[   5.77s] bloc   2         00  02  00  00  00  00  00  00  00  00  08  10  00  00  08 [2b]
                     o1=0     o2=0     o3=0     o4=0     o5=2064  o6=0     o7=2091 
[   5.77s] bloc   2         00  02  00  00  00  00  00  00  00  00  08  10  00  00  08 [07]
                     o1=0     o2=0     o3=0     o4=0     o5=2064  o6=0     o7=2055 
[   5.78s] bloc   2         00  02  00  00  00  00  00  00  00  00  08  10  00  00 [07][e7]
                     o1=0     o2=0     o3=0     o4=0     o5=2064  o6=0     o7=2023 
[   5.78s] bloc   2         00  02  00  00  00  00  00  00  00  00  08  10  00  00  07 [c6]
                     o1=0     o2=0     o3=0     o4=0     o5=2064  o6=0     o7=1990 
[   5.78s] bloc   2         00  02  00  00  00  00  00  00  00  00  08  10  00  00  07 [ad]
                     o1=0     o2=0     o3=0     o4=0     o5=2064  o6=0     o7=1965 
[   5.78s] bloc   2         00  02  00  00  00  00  00  00  00  00  08  10  00  00  07 [92]
                     o1=0     o2=0     o3=0     o4=0     o5=2064  o6=0     o7=1938 
[   5.79s] bloc   2         00  02  00  00  00  00  00  00  00  00  08  10  00  00  07 [79]
                     o1=0     o2=0     o3=0     o4=0     o5=2064  o6=0     o7=1913 
[   5.79s] bloc   2         00  02  00  00  00  00  00  00  00  00  08  10  00  00  07 [60]
                     o1=0     o2=0     o3=0     o4=0     o5=2064  o6=0     o7=1888 
[   5.79s] bloc   2         00  02  00  00  00  00  00  00  00  00  08  10  00  00  07 [46]
                     o1=0     o2=0     o3=0     o4=0     o5=2064  o6=0     o7=1862 
[   5.79s] bloc   2         00  02  00  00  00  00  00  00  00  00  08  10  00  00  07 [2e]
                     o1=0     o2=0     o3=0     o4=0     o5=2064  o6=0     o7=1838 
[   5.79s] bloc   2         00  02  00  00  00  00  00  00  00  00  08  10  00  00  07 [15]
                     o1=0     o2=0     o3=0     o4=0     o5=2064  o6=0     o7=1813 
[   5.80s] bloc   2         00  02  00  00  00  00  00  00  00  00  08  10  00  00 [06][f9]
                     o1=0     o2=0     o3=0     o4=0     o5=2064  o6=0     o7=1785 
[   5.80s] bloc   2         00  02  00  00  00  00  00  00  00  00  08  10  00  00  06 [de]
                     o1=0     o2=0     o3=0     o4=0     o5=2064  o6=0     o7=1758 
[   5.80s] bloc   2         00  02  00  00  00  00  00  00  00  00  08  10  00  00  06 [c6]
                     o1=0     o2=0     o3=0     o4=0     o5=2064  o6=0     o7=1734 
[   5.80s] bloc   2         00  02  00  00  00  00  00  00  00  00  08  10  00  00  06 [b1]
                     o1=0     o2=0     o3=0     o4=0     o5=2064  o6=0     o7=1713 
[   5.80s] bloc   2         00  02  00  00  00  00  00  00  00  00  08  10  00  00  06 [9a]
                     o1=0     o2=0     o3=0     o4=0     o5=2064  o6=0     o7=1690 
[   5.81s] bloc   2         00  02  00  00  00  00  00  00  00  00  08  10  00  00  06 [84]
                     o1=0     o2=0     o3=0     o4=0     o5=2064  o6=0     o7=1668 
[   5.81s] bloc   2         00  02  00  00  00  00  00  00  00  00  08  10  00  00  06 [75]
                     o1=0     o2=0     o3=0     o4=0     o5=2064  o6=0     o7=1653 
[   5.81s] bloc   2         00  02  00  00  00  00  00  00  00  00  08  10  00  00  06 [62]
                     o1=0     o2=0     o3=0     o4=0     o5=2064  o6=0     o7=1634 
[   5.81s] bloc   2         00  02  00  00  00  00  00  00  00  00  08  10  00  00  06 [52]
                     o1=0     o2=0     o3=0     o4=0     o5=2064  o6=0     o7=1618 
[   5.82s] bloc   2         00  02  00  00  00  00  00  00  00  00  08  10  00  00  06 [42]
                     o1=0     o2=0     o3=0     o4=0     o5=2064  o6=0     o7=1602 
[   5.82s] bloc   2         00  02  00  00  00  00  00  00  00  00  08  10  00  00  06 [33]
                     o1=0     o2=0     o3=0     o4=0     o5=2064  o6=0     o7=1587 
[   5.82s] bloc   2         00  02  00  00  00  00  00  00  00  00  08  10  00  00  06 [27]
                     o1=0     o2=0     o3=0     o4=0     o5=2064  o6=0     o7=1575 
[   5.83s] bloc   2         00  02  00  00  00  00  00  00  00  00  08  10  00  00  06 [17]
                     o1=0     o2=0     o3=0     o4=0     o5=2064  o6=0     o7=1559 
[   5.83s] bloc   2         00  02  00  00  00  00  00  00  00  00  08  10  00  00  06 [0a]
                     o1=0     o2=0     o3=0     o4=0     o5=2064  o6=0     o7=1546 
[   6.37s] … 2358 blocs recus depuis 3 s, aucun changement (total 2366)
[   9.43s] … plus aucun bloc ne parvient (total 2366)
[  12.50s] … plus aucun bloc ne parvient (total 2366)
[  15.39s] bloc   2         00  02  00  00  00  00  00  00  00  00  08  10  00  00  06 [18]
                     o1=0     o2=0     o3=0     o4=0     o5=2064  o6=0     o7=1560 
[  15.39s] bloc   2         00  02  00  00  00  00  00  00  00  00  08  10  00  00  06 [25]
                     o1=0     o2=0     o3=0     o4=0     o5=2064  o6=0     o7=1573 
[  15.39s] bloc   2         00  02  00  00  00  00  00  00  00  00  08  10  00  00  06 [35]
                     o1=0     o2=0     o3=0     o4=0     o5=2064  o6=0     o7=1589 
[  15.40s] bloc   2         00  02  00  00  00  00  00  00  00  00  08  10  00  00  06 [48]
                     o1=0     o2=0     o3=0     o4=0     o5=2064  o6=0     o7=1608 
[  15.40s] bloc   2         00  02  00  00  00  00  00  00  00  00  08  10  00  00  06 [53]
                     o1=0     o2=0     o3=0     o4=0     o5=2064  o6=0     o7=1619 
[  15.41s] bloc   2         00  02  00  00  00  00  00  00  00  00  08  10  00  00  06 [5f]
                     o1=0     o2=0     o3=0     o4=0     o5=2064  o6=0     o7=1631 
[  15.41s] bloc   2         00  02  00  00  00  00  00  00  00  00  08  10  00  00  06 [6c]
                     o1=0     o2=0     o3=0     o4=0     o5=2064  o6=0     o7=1644 
[  15.42s] bloc   2         00  02  00  00  00  00  00  00  00  00  08  10  00  00  06 [79]
                     o1=0     o2=0     o3=0     o4=0     o5=2064  o6=0     o7=1657 
[  15.43s] bloc   2         00  02  00  00  00  00  00  00  00  00  08  10  00  00  06 [89]
                     o1=0     o2=0     o3=0     o4=0     o5=2064  o6=0     o7=1673 
[  15.44s] bloc   2         00  02  00  00  00  00  00  00  00  00  08  10  00  00  06 [94]
                     o1=0     o2=0     o3=0     o4=0     o5=2064  o6=0     o7=1684 
[  15.44s] bloc   2         00  02  00  00  00  00  00  00  00  00  08  10  00  00  06 [9f]
                     o1=0     o2=0     o3=0     o4=0     o5=2064  o6=0     o7=1695 
[  15.45s] bloc   2         00  02  00  00  00  00  00  00  00  00  08  10  00  00  06 [ad]
                     o1=0     o2=0     o3=0     o4=0     o5=2064  o6=0     o7=1709 
[  15.46s] bloc   2         00  02  00  00  00  00  00  00  00  00  08  10  00  00  06 [ba]
                     o1=0     o2=0     o3=0     o4=0     o5=2064  o6=0     o7=1722 
[  15.46s] bloc   2         00  02  00  00  00  00  00  00  00  00  08  10  00  00  06 [c9]
                     o1=0     o2=0     o3=0     o4=0     o5=2064  o6=0     o7=1737 
[  15.46s] bloc   2         00  02  00  00  00  00  00  00  00  00  08  10  00  00  06 [d6]
                     o1=0     o2=0     o3=0     o4=0     o5=2064  o6=0     o7=1750 
[  15.47s] bloc   2         00  02  00  00  00  00  00  00  00  00  08  10  00  00  06 [e3]
                     o1=0     o2=0     o3=0     o4=0     o5=2064  o6=0     o7=1763 
[  15.47s] bloc   2         00  02  00  00  00  00  00  00  00  00  08  10  00  00  06 [f0]
                     o1=0     o2=0     o3=0     o4=0     o5=2064  o6=0     o7=1776 
[  15.48s] bloc   2         00  02  00  00  00  00  00  00  00  00  08  10  00  00  06 [fe]
                     o1=0     o2=0     o3=0     o4=0     o5=2064  o6=0     o7=1790 
[  15.48s] bloc   2         00  02  00  00  00  00  00  00  00  00  08  10  00  00 [07][0b]
                     o1=0     o2=0     o3=0     o4=0     o5=2064  o6=0     o7=1803 
[  15.49s] bloc   2         00  02  00  00  00  00  00  00  00  00  08  10  00  00  07 [17]
                     o1=0     o2=0     o3=0     o4=0     o5=2064  o6=0     o7=1815 
[  15.49s] bloc   2         00  02  00  00  00  00  00  00  00  00  08  10  00  00  07 [27]
                     o1=0     o2=0     o3=0     o4=0     o5=2064  o6=0     o7=1831 
[  15.50s] bloc   2         00  02  00  00  00  00  00  00  00  00  08  10  00  00  07 [36]
                     o1=0     o2=0     o3=0     o4=0     o5=2064  o6=0     o7=1846 
[  15.50s] … 132 blocs recus depuis 3 s, aucun changement (total 2498)
[  15.50s] bloc   2         00  02  00  00  00  00  00  00  00  00  08  10  00  00  07 [46]
                     o1=0     o2=0     o3=0     o4=0     o5=2064  o6=0     o7=1862 
[  15.51s] bloc   2         00  02  00  00  00  00  00  00  00  00  08  10  00  00  07 [54]
                     o1=0     o2=0     o3=0     o4=0     o5=2064  o6=0     o7=1876 
[  15.51s] bloc   2         00  02  00  00  00  00  00  00  00  00  08  10  00  00  07 [61]
                     o1=0     o2=0     o3=0     o4=0     o5=2064  o6=0     o7=1889 
[  15.52s] bloc   2         00  02  00  00  00  00  00  00  00  00  08  10  00  00  07 [70]
                     o1=0     o2=0     o3=0     o4=0     o5=2064  o6=0     o7=1904 
[  15.52s] bloc   2         00  02  00  00  00  00  00  00  00  00  08  10  00  00  07 [7b]
                     o1=0     o2=0     o3=0     o4=0     o5=2064  o6=0     o7=1915 
[  15.53s] bloc   2         00  02  00  00  00  00  00  00  00  00  08  10  00  00  07 [8b]
                     o1=0     o2=0     o3=0     o4=0     o5=2064  o6=0     o7=1931 
[  15.53s] bloc   2         00  02  00  00  00  00  00  00  00  00  08  10  00  00  07 [9b]
                     o1=0     o2=0     o3=0     o4=0     o5=2064  o6=0     o7=1947 
[  15.54s] bloc   2         00  02  00  00  00  00  00  00  00  00  08  10  00  00  07 [ac]
                     o1=0     o2=0     o3=0     o4=0     o5=2064  o6=0     o7=1964 
[  15.55s] bloc   2         00  02  00  00  00  00  00  00  00  00  08  10  00  00  07 [bc]
                     o1=0     o2=0     o3=0     o4=0     o5=2064  o6=0     o7=1980 
[  15.55s] bloc   2         00  02  00  00  00  00  00  00  00  00  08  10  00  00  07 [c7]
                     o1=0     o2=0     o3=0     o4=0     o5=2064  o6=0     o7=1991 
[  15.56s] bloc   2         00  02  00  00  00  00  00  00  00  00  08  10  00  00  07 [d7]
                     o1=0     o2=0     o3=0     o4=0     o5=2064  o6=0     o7=2007 
[  15.56s] bloc   2         00  02  00  00  00  00  00  00  00  00  08  10  00  00  07 [e4]
                     o1=0     o2=0     o3=0     o4=0     o5=2064  o6=0     o7=2020 
[  15.56s] bloc   2         00  02  00  00  00  00  00  00  00  00  08  10  00  00  07 [f0]
                     o1=0     o2=0     o3=0     o4=0     o5=2064  o6=0     o7=2032 
[  15.57s] bloc   2         00  02  00  00  00  00  00  00  00  00  08  10  00  00  07 [fb]
                     o1=0     o2=0     o3=0     o4=0     o5=2064  o6=0     o7=2043 
[  15.58s] bloc   2         00  02  00  00  00  00  00  00  00  00  08  10  00  00 [08][06]
                     o1=0     o2=0     o3=0     o4=0     o5=2064  o6=0     o7=2054 
[  15.59s] bloc   2         00  02  00  00  00  00  00  00  00  00  08  10  00  00  08 [11]
                     o1=0     o2=0     o3=0     o4=0     o5=2064  o6=0     o7=2065 
[  15.61s] bloc   2         00  02  00  00  00  00  00  00  00  00  08  10  00  00  08 [1d]
                     o1=0     o2=0     o3=0     o4=0     o5=2064  o6=0     o7=2077 
[  15.61s] bloc   2         00  02  00  00  00  00  00  00  00  00  08  10  00  00  08 [2a]
                     o1=0     o2=0     o3=0     o4=0     o5=2064  o6=0     o7=2090 
[  15.62s] bloc   2         00  02  00  00  00  00  00  00  00  00  08  10  00  00  08 [35]
                     o1=0     o2=0     o3=0     o4=0     o5=2064  o6=0     o7=2101 
[  15.62s] bloc   2         00  02  00  00  00  00  00  00  00  00  08  10  00  00  08 [44]
                     o1=0     o2=0     o3=0     o4=0     o5=2064  o6=0     o7=2116 
[  15.63s] bloc   2         00  02  00  00  00  00  00  00  00  00  08  10  00  00  08 [50]
                     o1=0     o2=0     o3=0     o4=0     o5=2064  o6=0     o7=2128 
[  15.63s] bloc   2         00  02  00  00  00  00  00  00  00  00  08  10  00  00  08 [5c]
                     o1=0     o2=0     o3=0     o4=0     o5=2064  o6=0     o7=2140 
[  15.64s] bloc   2         00  02  00  00  00  00  00  00  00  00  08  10  00  00  08 [67]
                     o1=0     o2=0     o3=0     o4=0     o5=2064  o6=0     o7=2151 
[  15.64s] bloc   2         00  02  00  00  00  00  00  00  00  00  08  10  00  00  08 [72]
                     o1=0     o2=0     o3=0     o4=0     o5=2064  o6=0     o7=2162 
[  15.65s] bloc   2         00  02  00  00  00  00  00  00  00  00  08  10  00  00  08 [81]
                     o1=0     o2=0     o3=0     o4=0     o5=2064  o6=0     o7=2177 
[  15.66s] bloc   2         00  02  00  00  00  00  00  00  00  00  08  10  00  00  08 [8c]
                     o1=0     o2=0     o3=0     o4=0     o5=2064  o6=0     o7=2188 
[  18.72s] … 156 blocs recus depuis 3 s, aucun changement (total 2654)

Arret. 2654 blocs recus au total.
